	at org.springframework.kafka.listener.KafkaMessageListenerContainer$ListenerConsumer.doPoll(KafkaMessageListenerContainer.java:1679) ~[spring-kafka-3.3.13.jar!/:3.3.13]
	at org.springframework.kafka.listener.KafkaMessageListenerContainer$ListenerConsumer.pollAndInvoke(KafkaMessageListenerContainer.java:1457) ~[spring-kafka-3.3.13.jar!/:3.3.13]
	at org.springframework.kafka.listener.KafkaMessageListenerContainer$ListenerConsumer.run(KafkaMessageListenerContainer.java:1347) ~[spring-kafka-3.3.13.jar!/:3.3.13]
	... 2 common frames omitted
Caused by: org.apache.kafka.common.errors.SerializationException: Error deserializing Avro message for id 1
	at io.confluent.kafka.serializers.AbstractKafkaAvroDeserializer$DeserializationContext.read(AbstractKafkaAvroDeserializer.java:542) ~[kafka-avro-serializer-7.6.0.jar!/:na]
	at io.confluent.kafka.serializers.AbstractKafkaAvroDeserializer.deserialize(AbstractKafkaAvroDeserializer.java:188) ~[kafka-avro-serializer-7.6.0.jar!/:na]
	at io.confluent.kafka.serializers.KafkaAvroDeserializer.deserialize(KafkaAvroDeserializer.java:108) ~[kafka-avro-serializer-7.6.0.jar!/:na]
	at org.apache.kafka.common.serialization.Deserializer.deserialize(Deserializer.java:81) ~[kafka-clients-3.9.1.jar!/:na]
	at org.apache.kafka.clients.consumer.internals.CompletedFetch.parseRecord(CompletedFetch.java:327) ~[kafka-clients-3.9.1.jar!/:na]
	... 14 common frames omitted
Caused by: com.google.common.util.concurrent.UncheckedExecutionException: org.apache.kafka.common.errors.SerializationException: Could not find class com.olomsky.orders.event.OrderEvent specified in writer's schema whilst finding reader's schema for a SpecificRecord.
	at com.google.common.cache.LocalCache$Segment.get(LocalCache.java:2085) ~[guava-32.0.1-jre.jar!/:na]
	at com.google.common.cache.LocalCache.get(LocalCache.java:4011) ~[guava-32.0.1-jre.jar!/:na]
	at com.google.common.cache.LocalCache.getOrLoad(LocalCache.java:4034) ~[guava-32.0.1-jre.jar!/:na]
	at com.google.common.cache.LocalCache$LocalLoadingCache.get(LocalCache.java:5010) ~[guava-32.0.1-jre.jar!/:na]
	at io.confluent.kafka.serializers.AbstractKafkaAvroDeserializer.getDatumReader(AbstractKafkaAvroDeserializer.java:281) ~[kafka-avro-serializer-7.6.0.jar!/:na]
	at io.confluent.kafka.serializers.AbstractKafkaAvroDeserializer$DeserializationContext.read(AbstractKafkaAvroDeserializer.java:500) ~[kafka-avro-serializer-7.6.0.jar!/:na]
	... 18 common frames omitted
Caused by: org.apache.kafka.common.errors.SerializationException: Could not find class com.olomsky.orders.event.OrderEvent specified in writer's schema whilst finding reader's schema for a SpecificRecord.
	at io.confluent.kafka.serializers.AbstractKafkaAvroDeserializer.getSpecificReaderSchema(AbstractKafkaAvroDeserializer.java:343) ~[kafka-avro-serializer-7.6.0.jar!/:na]
	at io.confluent.kafka.serializers.AbstractKafkaAvroDeserializer.getReaderSchema(AbstractKafkaAvroDeserializer.java:314) ~[kafka-avro-serializer-7.6.0.jar!/:na]
	at io.confluent.kafka.serializers.AbstractKafkaAvroDeserializer.access$000(AbstractKafkaAvroDeserializer.java:61) ~[kafka-avro-serializer-7.6.0.jar!/:na]
	at io.confluent.kafka.serializers.AbstractKafkaAvroDeserializer$1.load(AbstractKafkaAvroDeserializer.java:77) ~[kafka-avro-serializer-7.6.0.jar!/:na]
	at io.confluent.kafka.serializers.AbstractKafkaAvroDeserializer$1.load(AbstractKafkaAvroDeserializer.java:72) ~[kafka-avro-serializer-7.6.0.jar!/:na]
	at com.google.common.cache.LocalCache$LoadingValueReference.loadFuture(LocalCache.java:3570) ~[guava-32.0.1-jre.jar!/:na]
	at com.google.common.cache.LocalCache$Segment.loadSync(LocalCache.java:2312) ~[guava-32.0.1-jre.jar!/:na]
	at com.google.common.cache.LocalCache$Segment.lockedGetOrLoad(LocalCache.java:2189) ~[guava-32.0.1-jre.jar!/:na]
	at com.google.common.cache.LocalCache$Segment.get(LocalCache.java:2079) ~[guava-32.0.1-jre.jar!/:na]
	... 23 common frames omitted

2026-03-01T15:09:03.458Z ERROR 1 --- [notifications] [ntainer#0-0-C-1] o.a.k.c.c.internals.CompletedFetch       : [Consumer clientId=consumer-notification-group-1, groupId=notification-group] Value Deserializers with error: Deserializers{keyDeserializer=org.apache.kafka.common.serialization.StringDeserializer@5477072a, valueDeserializer=io.confluent.kafka.serializers.KafkaAvroDeserializer@3f1e9cdf}
2026-03-01T15:09:03.458Z ERROR 1 --- [notifications] [ntainer#0-0-C-1] o.s.k.l.KafkaMessageListenerContainer    : Consumer exception

java.lang.IllegalStateException: This error handler cannot process 'SerializationException's directly; please consider configuring an 'ErrorHandlingDeserializer' in the value and/or key deserializer
	at org.springframework.kafka.listener.DefaultErrorHandler.handleOtherException(DefaultErrorHandler.java:192) ~[spring-kafka-3.3.13.jar!/:3.3.13]
	at org.springframework.kafka.listener.KafkaMessageListenerContainer$ListenerConsumer.handleConsumerException(KafkaMessageListenerContainer.java:2004) ~[spring-kafka-3.3.13.jar!/:3.3.13]
	at org.springframework.kafka.listener.KafkaMessageListenerContainer$ListenerConsumer.run(KafkaMessageListenerContainer.java:1399) ~[spring-kafka-3.3.13.jar!/:3.3.13]
	at java.base/java.util.concurrent.CompletableFuture$AsyncRun.run(CompletableFuture.java:1804) ~[na:na]
	at java.base/java.lang.Thread.run(Thread.java:1583) ~[na:na]
Caused by: org.apache.kafka.common.errors.RecordDeserializationException: Error deserializing VALUE for partition order-topic-0 at offset 0. If needed, please seek past the record to continue consumption.
	at org.apache.kafka.clients.consumer.internals.CompletedFetch.newRecordDeserializationException(CompletedFetch.java:346) ~[kafka-clients-3.9.1.jar!/:na]
	at org.apache.kafka.clients.consumer.internals.CompletedFetch.parseRecord(CompletedFetch.java:330) ~[kafka-clients-3.9.1.jar!/:na]
	at org.apache.kafka.clients.consumer.internals.CompletedFetch.fetchRecords(CompletedFetch.java:284) ~[kafka-clients-3.9.1.jar!/:na]
	at org.apache.kafka.clients.consumer.internals.FetchCollector.fetchRecords(FetchCollector.java:169) ~[kafka-clients-3.9.1.jar!/:na]
	at org.apache.kafka.clients.consumer.internals.FetchCollector.collectFetch(FetchCollector.java:135) ~[kafka-clients-3.9.1.jar!/:na]
	at org.apache.kafka.clients.consumer.internals.Fetcher.collectFetch(Fetcher.java:146) ~[kafka-clients-3.9.1.jar!/:na]
	at org.apache.kafka.clients.consumer.internals.ClassicKafkaConsumer.pollForFetches(ClassicKafkaConsumer.java:672) ~[kafka-clients-3.9.1.jar!/:na]
	at org.apache.kafka.clients.consumer.internals.ClassicKafkaConsumer.poll(ClassicKafkaConsumer.java:623) ~[kafka-clients-3.9.1.jar!/:na]
	at org.apache.kafka.clients.consumer.internals.ClassicKafkaConsumer.poll(ClassicKafkaConsumer.java:596) ~[kafka-clients-3.9.1.jar!/:na]
	at org.apache.kafka.clients.consumer.KafkaConsumer.poll(KafkaConsumer.java:874) ~[kafka-clients-3.9.1.jar!/:na]
	at org.springframework.kafka.listener.KafkaMessageListenerContainer$ListenerConsumer.pollConsumer(KafkaMessageListenerContainer.java:1704) ~[spring-kafka-3.3.13.jar!/:3.3.13]
	at org.springframework.kafka.listener.KafkaMessageListenerContainer$ListenerConsumer.doPoll(KafkaMessageListenerContainer.java:1679) ~[spring-kafka-3.3.13.jar!/:3.3.13]
	at org.springframework.kafka.listener.KafkaMessageListenerContainer$ListenerConsumer.pollAndInvoke(KafkaMessageListenerContainer.java:1457) ~[spring-kafka-3.3.13.jar!/:3.3.13]
	at org.springframework.kafka.listener.KafkaMessageListenerContainer$ListenerConsumer.run(KafkaMessageListenerContainer.java:1347) ~[spring-kafka-3.3.13.jar!/:3.3.13]
	... 2 common frames omitted
Caused by: org.apache.kafka.common.errors.SerializationException: Error deserializing Avro message for id 1
	at io.confluent.kafka.serializers.AbstractKafkaAvroDeserializer$DeserializationContext.read(AbstractKafkaAvroDeserializer.java:542) ~[kafka-avro-serializer-7.6.0.jar!/:na]
	at io.confluent.kafka.serializers.AbstractKafkaAvroDeserializer.deserialize(AbstractKafkaAvroDeserializer.java:188) ~[kafka-avro-serializer-7.6.0.jar!/:na]
	at io.confluent.kafka.serializers.KafkaAvroDeserializer.deserialize(KafkaAvroDeserializer.java:108) ~[kafka-avro-serializer-7.6.0.jar!/:na]
	at org.apache.kafka.common.serialization.Deserializer.deserialize(Deserializer.java:81) ~[kafka-clients-3.9.1.jar!/:na]
	at org.apache.kafka.clients.consumer.internals.CompletedFetch.parseRecord(CompletedFetch.java:327) ~[kafka-clients-3.9.1.jar!/:na]
	... 14 common frames omitted
Caused by: com.google.common.util.concurrent.UncheckedExecutionException: org.apache.kafka.common.errors.SerializationException: Could not find class com.olomsky.orders.event.OrderEvent specified in writer's schema whilst finding reader's schema for a SpecificRecord.
	at com.google.common.cache.LocalCache$Segment.get(LocalCache.java:2085) ~[guava-32.0.1-jre.jar!/:na]
	at com.google.common.cache.LocalCache.get(LocalCache.java:4011) ~[guava-32.0.1-jre.jar!/:na]
	at com.google.common.cache.LocalCache.getOrLoad(LocalCache.java:4034) ~[guava-32.0.1-jre.jar!/:na]
	at com.google.common.cache.LocalCache$LocalLoadingCache.get(LocalCache.java:5010) ~[guava-32.0.1-jre.jar!/:na]
	at io.confluent.kafka.serializers.AbstractKafkaAvroDeserializer.getDatumReader(AbstractKafkaAvroDeserializer.java:281) ~[kafka-avro-serializer-7.6.0.jar!/:na]
	at io.confluent.kafka.serializers.AbstractKafkaAvroDeserializer$DeserializationContext.read(AbstractKafkaAvroDeserializer.java:500) ~[kafka-avro-serializer-7.6.0.jar!/:na]
	... 18 common frames omitted
Caused by: org.apache.kafka.common.errors.SerializationException: Could not find class com.olomsky.orders.event.OrderEvent specified in writer's schema whilst finding reader's schema for a SpecificRecord.
	at io.confluent.kafka.serializers.AbstractKafkaAvroDeserializer.getSpecificReaderSchema(AbstractKafkaAvroDeserializer.java:343) ~[kafka-avro-serializer-7.6.0.jar!/:na]
	at io.confluent.kafka.serializers.AbstractKafkaAvroDeserializer.getReaderSchema(AbstractKafkaAvroDeserializer.java:314) ~[kafka-avro-serializer-7.6.0.jar!/:na]
	at io.confluent.kafka.serializers.AbstractKafkaAvroDeserializer.access$000(AbstractKafkaAvroDeserializer.java:61) ~[kafka-avro-serializer-7.6.0.jar!/:na]
	at io.confluent.kafka.serializers.AbstractKafkaAvroDeserializer$1.load(AbstractKafkaAvroDeserializer.java:77) ~[kafka-avro-serializer-7.6.0.jar!/:na]
	at io.confluent.kafka.serializers.AbstractKafkaAvroDeserializer$1.load(AbstractKafkaAvroDeserializer.java:72) ~[kafka-avro-serializer-7.6.0.jar!/:na]
	at com.google.common.cache.LocalCache$LoadingValueReference.loadFuture(LocalCache.java:3570) ~[guava-32.0.1-jre.jar!/:na]
	at com.google.common.cache.LocalCache$Segment.loadSync(LocalCache.java:2312) ~[guava-32.0.1-jre.jar!/:na]
	at com.google.common.cache.LocalCache$Segment.lockedGetOrLoad(LocalCache.java:2189) ~[guava-32.0.1-jre.jar!/:na]
	at com.google.common.cache.LocalCache$Segment.get(LocalCache.java:2079) ~[guava-32.0.1-jre.jar!/:na]
	... 23 common frames omitted

2026-03-01T15:09:03.458Z ERROR 1 --- [notifications] [ntainer#0-0-C-1] o.a.k.c.c.internals.CompletedFetch       : [Consumer clientId=consumer-notification-group-1, groupId=notification-group] Value Deserializers with error: Deserializers{keyDeserializer=org.apache.kafka.common.serialization.StringDeserializer@5477072a, valueDeserializer=io.confluent.kafka.serializers.KafkaAvroDeserializer@3f1e9cdf}
2026-03-01T15:09:03.458Z ERROR 1 --- [notifications] [ntainer#0-0-C-1] o.s.k.l.KafkaMessageListenerContainer    : Consumer exception

java.lang.IllegalStateException: This error handler cannot process 'SerializationException's directly; please consider configuring an 'ErrorHandlingDeserializer' in the value and/or key deserializer
	at org.springframework.kafka.listener.DefaultErrorHandler.handleOtherException(DefaultErrorHandler.java:192) ~[spring-kafka-3.3.13.jar!/:3.3.13]
	at org.springframework.kafka.listener.KafkaMessageListenerContainer$ListenerConsumer.handleConsumerException(KafkaMessageListenerContainer.java:2004) ~[spring-kafka-3.3.13.jar!/:3.3.13]
	at org.springframework.kafka.listener.KafkaMessageListenerContainer$ListenerConsumer.run(KafkaMessageListenerContainer.java:1399) ~[spring-kafka-3.3.13.jar!/:3.3.13]
	at java.base/java.util.concurrent.CompletableFuture$AsyncRun.run(CompletableFuture.java:1804) ~[na:na]
	at java.base/java.lang.Thread.run(Thread.java:1583) ~[na:na]
Caused by: org.apache.kafka.common.errors.RecordDeserializationException: Error deserializing VALUE for partition order-topic-0 at offset 0. If needed, please seek past the record to continue consumption.
	at org.apache.kafka.clients.consumer.internals.CompletedFetch.newRecordDeserializationException(CompletedFetch.java:346) ~[kafka-clients-3.9.1.jar!/:na]
	at org.apache.kafka.clients.consumer.internals.CompletedFetch.parseRecord(CompletedFetch.java:330) ~[kafka-clients-3.9.1.jar!/:na]
	at org.apache.kafka.clients.consumer.internals.CompletedFetch.fetchRecords(CompletedFetch.java:284) ~[kafka-clients-3.9.1.jar!/:na]
	at org.apache.kafka.clients.consumer.internals.FetchCollector.fetchRecords(FetchCollector.java:169) ~[kafka-clients-3.9.1.jar!/:na]
	at org.apache.kafka.clients.consumer.internals.FetchCollector.collectFetch(FetchCollector.java:135) ~[kafka-clients-3.9.1.jar!/:na]
	at org.apache.kafka.clients.consumer.internals.Fetcher.collectFetch(Fetcher.java:146) ~[kafka-clients-3.9.1.jar!/:na]
	at org.apache.kafka.clients.consumer.internals.ClassicKafkaConsumer.pollForFetches(ClassicKafkaConsumer.java:672) ~[kafka-clients-3.9.1.jar!/:na]
	at org.apache.kafka.clients.consumer.internals.ClassicKafkaConsumer.poll(ClassicKafkaConsumer.java:623) ~[kafka-clients-3.9.1.jar!/:na]
	at org.apache.kafka.clients.consumer.internals.ClassicKafkaConsumer.poll(ClassicKafkaConsumer.java:596) ~[kafka-clients-3.9.1.jar!/:na]
	at org.apache.kafka.clients.consumer.KafkaConsumer.poll(KafkaConsumer.java:874) ~[kafka-clients-3.9.1.jar!/:na]
	at org.springframework.kafka.listener.KafkaMessageListenerContainer$ListenerConsumer.pollConsumer(KafkaMessageListenerContainer.java:1704) ~[spring-kafka-3.3.13.jar!/:3.3.13]
	at org.springframework.kafka.listener.KafkaMessageListenerContainer$ListenerConsumer.doPoll(KafkaMessageListenerContainer.java:1679) ~[spring-kafka-3.3.13.jar!/:3.3.13]
	at org.springframework.kafka.listener.KafkaMessageListenerContainer$ListenerConsumer.pollAndInvoke(KafkaMessageListenerContainer.java:1457) ~[spring-kafka-3.3.13.jar!/:3.3.13]
	at org.springframework.kafka.listener.KafkaMessageListenerContainer$ListenerConsumer.run(KafkaMessageListenerContainer.java:1347) ~[spring-kafka-3.3.13.jar!/:3.3.13]
	... 2 common frames omitted
Caused by: org.apache.kafka.common.errors.SerializationException: Error deserializing Avro message for id 1
	at io.confluent.kafka.serializers.AbstractKafkaAvroDeserializer$DeserializationContext.read(AbstractKafkaAvroDeserializer.java:542) ~[kafka-avro-serializer-7.6.0.jar!/:na]
	at io.confluent.kafka.serializers.AbstractKafkaAvroDeserializer.deserialize(AbstractKafkaAvroDeserializer.java:188) ~[kafka-avro-serializer-7.6.0.jar!/:na]
	at io.confluent.kafka.serializers.KafkaAvroDeserializer.deserialize(KafkaAvroDeserializer.java:108) ~[kafka-avro-serializer-7.6.0.jar!/:na]
	at org.apache.kafka.common.serialization.Deserializer.deserialize(Deserializer.java:81) ~[kafka-clients-3.9.1.jar!/:na]
	at org.apache.kafka.clients.consumer.internals.CompletedFetch.parseRecord(CompletedFetch.java:327) ~[kafka-clients-3.9.1.jar!/:na]
	... 14 common frames omitted
Caused by: com.google.common.util.concurrent.UncheckedExecutionException: org.apache.kafka.common.errors.SerializationException: Could not find class com.olomsky.orders.event.OrderEvent specified in writer's schema whilst finding reader's schema for a SpecificRecord.
	at com.google.common.cache.LocalCache$Segment.get(LocalCache.java:2085) ~[guava-32.0.1-jre.jar!/:na]
	at com.google.common.cache.LocalCache.get(LocalCache.java:4011) ~[guava-32.0.1-jre.jar!/:na]
	at com.google.common.cache.LocalCache.getOrLoad(LocalCache.java:4034) ~[guava-32.0.1-jre.jar!/:na]
	at com.google.common.cache.LocalCache$LocalLoadingCache.get(LocalCache.java:5010) ~[guava-32.0.1-jre.jar!/:na]
	at io.confluent.kafka.serializers.AbstractKafkaAvroDeserializer.getDatumReader(AbstractKafkaAvroDeserializer.java:281) ~[kafka-avro-serializer-7.6.0.jar!/:na]
	at io.confluent.kafka.serializers.AbstractKafkaAvroDeserializer$DeserializationContext.read(AbstractKafkaAvroDeserializer.java:500) ~[kafka-avro-serializer-7.6.0.jar!/:na]
	... 18 common frames omitted
Caused by: org.apache.kafka.common.errors.SerializationException: Could not find class com.olomsky.orders.event.OrderEvent specified in writer's schema whilst finding reader's schema for a SpecificRecord.
	at io.confluent.kafka.serializers.AbstractKafkaAvroDeserializer.getSpecificReaderSchema(AbstractKafkaAvroDeserializer.java:343) ~[kafka-avro-serializer-7.6.0.jar!/:na]
	at io.confluent.kafka.serializers.AbstractKafkaAvroDeserializer.getReaderSchema(AbstractKafkaAvroDeserializer.java:314) ~[kafka-avro-serializer-7.6.0.jar!/:na]
	at io.confluent.kafka.serializers.AbstractKafkaAvroDeserializer.access$000(AbstractKafkaAvroDeserializer.java:61) ~[kafka-avro-serializer-7.6.0.jar!/:na]
	at io.confluent.kafka.serializers.AbstractKafkaAvroDeserializer$1.load(AbstractKafkaAvroDeserializer.java:77) ~[kafka-avro-serializer-7.6.0.jar!/:na]
	at io.confluent.kafka.serializers.AbstractKafkaAvroDeserializer$1.load(AbstractKafkaAvroDeserializer.java:72) ~[kafka-avro-serializer-7.6.0.jar!/:na]
	at com.google.common.cache.LocalCache$LoadingValueReference.loadFuture(LocalCache.java:3570) ~[guava-32.0.1-jre.jar!/:na]
	at com.google.common.cache.LocalCache$Segment.loadSync(LocalCache.java:2312) ~[guava-32.0.1-jre.jar!/:na]
	at com.google.common.cache.LocalCache$Segment.lockedGetOrLoad(LocalCache.java:2189) ~[guava-32.0.1-jre.jar!/:na]
	at com.google.common.cache.LocalCache$Segment.get(LocalCache.java:2079) ~[guava-32.0.1-jre.jar!/:na]
	... 23 common frames omitted

2026-03-01T15:09:03.459Z ERROR 1 --- [notifications] [ntainer#0-0-C-1] o.a.k.c.c.internals.CompletedFetch       : [Consumer clientId=consumer-notification-group-1, groupId=notification-group] Value Deserializers with error: Deserializers{keyDeserializer=org.apache.kafka.common.serialization.StringDeserializer@5477072a, valueDeserializer=io.confluent.kafka.serializers.KafkaAvroDeserializer@3f1e9cdf}
2026-03-01T15:09:03.459Z ERROR 1 --- [notifications] [ntainer#0-0-C-1] o.s.k.l.KafkaMessageListenerContainer    : Consumer exception

java.lang.IllegalStateException: This error handler cannot process 'SerializationException's directly; please consider configuring an 'ErrorHandlingDeserializer' in the value and/or key deserializer
	at org.springframework.kafka.listener.DefaultErrorHandler.handleOtherException(DefaultErrorHandler.java:192) ~[spring-kafka-3.3.13.jar!/:3.3.13]
	at org.springframework.kafka.listener.KafkaMessageListenerContainer$ListenerConsumer.handleConsumerException(KafkaMessageListenerContainer.java:2004) ~[spring-kafka-3.3.13.jar!/:3.3.13]
	at org.springframework.kafka.listener.KafkaMessageListenerContainer$ListenerConsumer.run(KafkaMessageListenerContainer.java:1399) ~[spring-kafka-3.3.13.jar!/:3.3.13]
	at java.base/java.util.concurrent.CompletableFuture$AsyncRun.run(CompletableFuture.java:1804) ~[na:na]
	at java.base/java.lang.Thread.run(Thread.java:1583) ~[na:na]
Caused by: org.apache.kafka.common.errors.RecordDeserializationException: Error deserializing VALUE for partition order-topic-0 at offset 0. If needed, please seek past the record to continue consumption.
	at org.apache.kafka.clients.consumer.internals.CompletedFetch.newRecordDeserializationException(CompletedFetch.java:346) ~[kafka-clients-3.9.1.jar!/:na]
	at org.apache.kafka.clients.consumer.internals.CompletedFetch.parseRecord(CompletedFetch.java:330) ~[kafka-clients-3.9.1.jar!/:na]
	at org.apache.kafka.clients.consumer.internals.CompletedFetch.fetchRecords(CompletedFetch.java:284) ~[kafka-clients-3.9.1.jar!/:na]
	at org.apache.kafka.clients.consumer.internals.FetchCollector.fetchRecords(FetchCollector.java:169) ~[kafka-clients-3.9.1.jar!/:na]
	at org.apache.kafka.clients.consumer.internals.FetchCollector.collectFetch(FetchCollector.java:135) ~[kafka-clients-3.9.1.jar!/:na]
	at org.apache.kafka.clients.consumer.internals.Fetcher.collectFetch(Fetcher.java:146) ~[kafka-clients-3.9.1.jar!/:na]
	at org.apache.kafka.clients.consumer.internals.ClassicKafkaConsumer.pollForFetches(ClassicKafkaConsumer.java:672) ~[kafka-clients-3.9.1.jar!/:na]
	at org.apache.kafka.clients.consumer.internals.ClassicKafkaConsumer.poll(ClassicKafkaConsumer.java:623) ~[kafka-clients-3.9.1.jar!/:na]
	at org.apache.kafka.clients.consumer.internals.ClassicKafkaConsumer.poll(ClassicKafkaConsumer.java:596) ~[kafka-clients-3.9.1.jar!/:na]
	at org.apache.kafka.clients.consumer.KafkaConsumer.poll(KafkaConsumer.java:874) ~[kafka-clients-3.9.1.jar!/:na]
	at org.springframework.kafka.listener.KafkaMessageListenerContainer$ListenerConsumer.pollConsumer(KafkaMessageListenerContainer.java:1704) ~[spring-kafka-3.3.13.jar!/:3.3.13]
	at org.springframework.kafka.listener.KafkaMessageListenerContainer$ListenerConsumer.doPoll(KafkaMessageListenerContainer.java:1679) ~[spring-kafka-3.3.13.jar!/:3.3.13]
	at org.springframework.kafka.listener.KafkaMessageListenerContainer$ListenerConsumer.pollAndInvoke(KafkaMessageListenerContainer.java:1457) ~[spring-kafka-3.3.13.jar!/:3.3.13]
	at org.springframework.kafka.listener.KafkaMessageListenerContainer$ListenerConsumer.run(KafkaMessageListenerContainer.java:1347) ~[spring-kafka-3.3.13.jar!/:3.3.13]
	... 2 common frames omitted
Caused by: org.apache.kafka.common.errors.SerializationException: Error deserializing Avro message for id 1
	at io.confluent.kafka.serializers.AbstractKafkaAvroDeserializer$DeserializationContext.read(AbstractKafkaAvroDeserializer.java:542) ~[kafka-avro-serializer-7.6.0.jar!/:na]
	at io.confluent.kafka.serializers.AbstractKafkaAvroDeserializer.deserialize(AbstractKafkaAvroDeserializer.java:188) ~[kafka-avro-serializer-7.6.0.jar!/:na]
	at io.confluent.kafka.serializers.KafkaAvroDeserializer.deserialize(KafkaAvroDeserializer.java:108) ~[kafka-avro-serializer-7.6.0.jar!/:na]
	at org.apache.kafka.common.serialization.Deserializer.deserialize(Deserializer.java:81) ~[kafka-clients-3.9.1.jar!/:na]
	at org.apache.kafka.clients.consumer.internals.CompletedFetch.parseRecord(CompletedFetch.java:327) ~[kafka-clients-3.9.1.jar!/:na]
	... 14 common frames omitted
Caused by: com.google.common.util.concurrent.UncheckedExecutionException: org.apache.kafka.common.errors.SerializationException: Could not find class com.olomsky.orders.event.OrderEvent specified in writer's schema whilst finding reader's schema for a SpecificRecord.
	at com.google.common.cache.LocalCache$Segment.get(LocalCache.java:2085) ~[guava-32.0.1-jre.jar!/:na]
	at com.google.common.cache.LocalCache.get(LocalCache.java:4011) ~[guava-32.0.1-jre.jar!/:na]
	at com.google.common.cache.LocalCache.getOrLoad(LocalCache.java:4034) ~[guava-32.0.1-jre.jar!/:na]
	at com.google.common.cache.LocalCache$LocalLoadingCache.get(LocalCache.java:5010) ~[guava-32.0.1-jre.jar!/:na]
	at io.confluent.kafka.serializers.AbstractKafkaAvroDeserializer.getDatumReader(AbstractKafkaAvroDeserializer.java:281) ~[kafka-avro-serializer-7.6.0.jar!/:na]
	at io.confluent.kafka.serializers.AbstractKafkaAvroDeserializer$DeserializationContext.read(AbstractKafkaAvroDeserializer.java:500) ~[kafka-avro-serializer-7.6.0.jar!/:na]
	... 18 common frames omitted
Caused by: org.apache.kafka.common.errors.SerializationException: Could not find class com.olomsky.orders.event.OrderEvent specified in writer's schema whilst finding reader's schema for a SpecificRecord.
	at io.confluent.kafka.serializers.AbstractKafkaAvroDeserializer.getSpecificReaderSchema(AbstractKafkaAvroDeserializer.java:343) ~[kafka-avro-serializer-7.6.0.jar!/:na]
	at io.confluent.kafka.serializers.AbstractKafkaAvroDeserializer.getReaderSchema(AbstractKafkaAvroDeserializer.java:314) ~[kafka-avro-serializer-7.6.0.jar!/:na]
	at io.confluent.kafka.serializers.AbstractKafkaAvroDeserializer.access$000(AbstractKafkaAvroDeserializer.java:61) ~[kafka-avro-serializer-7.6.0.jar!/:na]
	at io.confluent.kafka.serializers.AbstractKafkaAvroDeserializer$1.load(AbstractKafkaAvroDeserializer.java:77) ~[kafka-avro-serializer-7.6.0.jar!/:na]
	at io.confluent.kafka.serializers.AbstractKafkaAvroDeserializer$1.load(AbstractKafkaAvroDeserializer.java:72) ~[kafka-avro-serializer-7.6.0.jar!/:na]
	at com.google.common.cache.LocalCache$LoadingValueReference.loadFuture(LocalCache.java:3570) ~[guava-32.0.1-jre.jar!/:na]
	at com.google.common.cache.LocalCache$Segment.loadSync(LocalCache.java:2312) ~[guava-32.0.1-jre.jar!/:na]
	at com.google.common.cache.LocalCache$Segment.lockedGetOrLoad(LocalCache.java:2189) ~[guava-32.0.1-jre.jar!/:na]
	at com.google.common.cache.LocalCache$Segment.get(LocalCache.java:2079) ~[guava-32.0.1-jre.jar!/:na]
	... 23 common frames omitted

2026-03-01T15:09:03.459Z ERROR 1 --- [notifications] [ntainer#0-0-C-1] o.a.k.c.c.internals.CompletedFetch       : [Consumer clientId=consumer-notification-group-1, groupId=notification-group] Value Deserializers with error: Deserializers{keyDeserializer=org.apache.kafka.common.serialization.StringDeserializer@5477072a, valueDeserializer=io.confluent.kafka.serializers.KafkaAvroDeserializer@3f1e9cdf}
2026-03-01T15:09:03.459Z ERROR 1 --- [notifications] [ntainer#0-0-C-1] o.s.k.l.KafkaMessageListenerContainer    : Consumer exception

java.lang.IllegalStateException: This error handler cannot process 'SerializationException's directly; please consider configuring an 'ErrorHandlingDeserializer' in the value and/or key deserializer
	at org.springframework.kafka.listener.DefaultErrorHandler.handleOtherException(DefaultErrorHandler.java:192) ~[spring-kafka-3.3.13.jar!/:3.3.13]
	at org.springframework.kafka.listener.KafkaMessageListenerContainer$ListenerConsumer.handleConsumerException(KafkaMessageListenerContainer.java:2004) ~[spring-kafka-3.3.13.jar!/:3.3.13]
	at org.springframework.kafka.listener.KafkaMessageListenerContainer$ListenerConsumer.run(KafkaMessageListenerContainer.java:1399) ~[spring-kafka-3.3.13.jar!/:3.3.13]
	at java.base/java.util.concurrent.CompletableFuture$AsyncRun.run(CompletableFuture.java:1804) ~[na:na]
	at java.base/java.lang.Thread.run(Thread.java:1583) ~[na:na]
Caused by: org.apache.kafka.common.errors.RecordDeserializationException: Error deserializing VALUE for partition order-topic-0 at offset 0. If needed, please seek past the record to continue consumption.
	at org.apache.kafka.clients.consumer.internals.CompletedFetch.newRecordDeserializationException(CompletedFetch.java:346) ~[kafka-clients-3.9.1.jar!/:na]
	at org.apache.kafka.clients.consumer.internals.CompletedFetch.parseRecord(CompletedFetch.java:330) ~[kafka-clients-3.9.1.jar!/:na]
	at org.apache.kafka.clients.consumer.internals.CompletedFetch.fetchRecords(CompletedFetch.java:284) ~[kafka-clients-3.9.1.jar!/:na]
	at org.apache.kafka.clients.consumer.internals.FetchCollector.fetchRecords(FetchCollector.java:169) ~[kafka-clients-3.9.1.jar!/:na]
	at org.apache.kafka.clients.consumer.internals.FetchCollector.collectFetch(FetchCollector.java:135) ~[kafka-clients-3.9.1.jar!/:na]
	at org.apache.kafka.clients.consumer.internals.Fetcher.collectFetch(Fetcher.java:146) ~[kafka-clients-3.9.1.jar!/:na]
	at org.apache.kafka.clients.consumer.internals.ClassicKafkaConsumer.pollForFetches(ClassicKafkaConsumer.java:672) ~[kafka-clients-3.9.1.jar!/:na]
	at org.apache.kafka.clients.consumer.internals.ClassicKafkaConsumer.poll(ClassicKafkaConsumer.java:623) ~[kafka-clients-3.9.1.jar!/:na]
	at org.apache.kafka.clients.consumer.internals.ClassicKafkaConsumer.poll(ClassicKafkaConsumer.java:596) ~[kafka-clients-3.9.1.jar!/:na]
	at org.apache.kafka.clients.consumer.KafkaConsumer.poll(KafkaConsumer.java:874) ~[kafka-clients-3.9.1.jar!/:na]
	at org.springframework.kafka.listener.KafkaMessageListenerContainer$ListenerConsumer.pollConsumer(KafkaMessageListenerContainer.java:1704) ~[spring-kafka-3.3.13.jar!/:3.3.13]
	at org.springframework.kafka.listener.KafkaMessageListenerContainer$ListenerConsumer.doPoll(KafkaMessageListenerContainer.java:1679) ~[spring-kafka-3.3.13.jar!/:3.3.13]
	at org.springframework.kafka.listener.KafkaMessageListenerContainer$ListenerConsumer.pollAndInvoke(KafkaMessageListenerContainer.java:1457) ~[spring-kafka-3.3.13.jar!/:3.3.13]
	at org.springframework.kafka.listener.KafkaMessageListenerContainer$ListenerConsumer.run(KafkaMessageListenerContainer.java:1347) ~[spring-kafka-3.3.13.jar!/:3.3.13]
	... 2 common frames omitted
Caused by: org.apache.kafka.common.errors.SerializationException: Error deserializing Avro message for id 1
	at io.confluent.kafka.serializers.AbstractKafkaAvroDeserializer$DeserializationContext.read(AbstractKafkaAvroDeserializer.java:542) ~[kafka-avro-serializer-7.6.0.jar!/:na]
	at io.confluent.kafka.serializers.AbstractKafkaAvroDeserializer.deserialize(AbstractKafkaAvroDeserializer.java:188) ~[kafka-avro-serializer-7.6.0.jar!/:na]
	at io.confluent.kafka.serializers.KafkaAvroDeserializer.deserialize(KafkaAvroDeserializer.java:108) ~[kafka-avro-serializer-7.6.0.jar!/:na]
	at org.apache.kafka.common.serialization.Deserializer.deserialize(Deserializer.java:81) ~[kafka-clients-3.9.1.jar!/:na]
	at org.apache.kafka.clients.consumer.internals.CompletedFetch.parseRecord(CompletedFetch.java:327) ~[kafka-clients-3.9.1.jar!/:na]
	... 14 common frames omitted
Caused by: com.google.common.util.concurrent.UncheckedExecutionException: org.apache.kafka.common.errors.SerializationException: Could not find class com.olomsky.orders.event.OrderEvent specified in writer's schema whilst finding reader's schema for a SpecificRecord.
	at com.google.common.cache.LocalCache$Segment.get(LocalCache.java:2085) ~[guava-32.0.1-jre.jar!/:na]
	at com.google.common.cache.LocalCache.get(LocalCache.java:4011) ~[guava-32.0.1-jre.jar!/:na]
	at com.google.common.cache.LocalCache.getOrLoad(LocalCache.java:4034) ~[guava-32.0.1-jre.jar!/:na]
	at com.google.common.cache.LocalCache$LocalLoadingCache.get(LocalCache.java:5010) ~[guava-32.0.1-jre.jar!/:na]
	at io.confluent.kafka.serializers.AbstractKafkaAvroDeserializer.getDatumReader(AbstractKafkaAvroDeserializer.java:281) ~[kafka-avro-serializer-7.6.0.jar!/:na]
	at io.confluent.kafka.serializers.AbstractKafkaAvroDeserializer$DeserializationContext.read(AbstractKafkaAvroDeserializer.java:500) ~[kafka-avro-serializer-7.6.0.jar!/:na]
	... 18 common frames omitted
Caused by: org.apache.kafka.common.errors.SerializationException: Could not find class com.olomsky.orders.event.OrderEvent specified in writer's schema whilst finding reader's schema for a SpecificRecord.
	at io.confluent.kafka.serializers.AbstractKafkaAvroDeserializer.getSpecificReaderSchema(AbstractKafkaAvroDeserializer.java:343) ~[kafka-avro-serializer-7.6.0.jar!/:na]
	at io.confluent.kafka.serializers.AbstractKafkaAvroDeserializer.getReaderSchema(AbstractKafkaAvroDeserializer.java:314) ~[kafka-avro-serializer-7.6.0.jar!/:na]
	at io.confluent.kafka.serializers.AbstractKafkaAvroDeserializer.access$000(AbstractKafkaAvroDeserializer.java:61) ~[kafka-avro-serializer-7.6.0.jar!/:na]
	at io.confluent.kafka.serializers.AbstractKafkaAvroDeserializer$1.load(AbstractKafkaAvroDeserializer.java:77) ~[kafka-avro-serializer-7.6.0.jar!/:na]
	at io.confluent.kafka.serializers.AbstractKafkaAvroDeserializer$1.load(AbstractKafkaAvroDeserializer.java:72) ~[kafka-avro-serializer-7.6.0.jar!/:na]
	at com.google.common.cache.LocalCache$LoadingValueReference.loadFuture(LocalCache.java:3570) ~[guava-32.0.1-jre.jar!/:na]
	at com.google.common.cache.LocalCache$Segment.loadSync(LocalCache.java:2312) ~[guava-32.0.1-jre.jar!/:na]
	at com.google.common.cache.LocalCache$Segment.lockedGetOrLoad(LocalCache.java:2189) ~[guava-32.0.1-jre.jar!/:na]
	at com.google.common.cache.LocalCache$Segment.get(LocalCache.java:2079) ~[guava-32.0.1-jre.jar!/:na]
	... 23 common frames omitted

2026-03-01T15:09:03.460Z ERROR 1 --- [notifications] [ntainer#0-0-C-1] o.a.k.c.c.internals.CompletedFetch       : [Consumer clientId=consumer-notification-group-1, groupId=notification-group] Value Deserializers with error: Deserializers{keyDeserializer=org.apache.kafka.common.serialization.StringDeserializer@5477072a, valueDeserializer=io.confluent.kafka.serializers.KafkaAvroDeserializer@3f1e9cdf}
2026-03-01T15:09:03.460Z ERROR 1 --- [notifications] [ntainer#0-0-C-1] o.s.k.l.KafkaMessageListenerContainer    : Consumer exception

java.lang.IllegalStateException: This error handler cannot process 'SerializationException's directly; please consider configuring an 'ErrorHandlingDeserializer' in the value and/or key deserializer
	at org.springframework.kafka.listener.DefaultErrorHandler.handleOtherException(DefaultErrorHandler.java:192) ~[spring-kafka-3.3.13.jar!/:3.3.13]
	at org.springframework.kafka.listener.KafkaMessageListenerContainer$ListenerConsumer.handleConsumerException(KafkaMessageListenerContainer.java:2004) ~[spring-kafka-3.3.13.jar!/:3.3.13]
	at org.springframework.kafka.listener.KafkaMessageListenerContainer$ListenerConsumer.run(KafkaMessageListenerContainer.java:1399) ~[spring-kafka-3.3.13.jar!/:3.3.13]
	at java.base/java.util.concurrent.CompletableFuture$AsyncRun.run(CompletableFuture.java:1804) ~[na:na]
	at java.base/java.lang.Thread.run(Thread.java:1583) ~[na:na]
Caused by: org.apache.kafka.common.errors.RecordDeserializationException: Error deserializing VALUE for partition order-topic-0 at offset 0. If needed, please seek past the record to continue consumption.
	at org.apache.kafka.clients.consumer.internals.CompletedFetch.newRecordDeserializationException(CompletedFetch.java:346) ~[kafka-clients-3.9.1.jar!/:na]
	at org.apache.kafka.clients.consumer.internals.CompletedFetch.parseRecord(CompletedFetch.java:330) ~[kafka-clients-3.9.1.jar!/:na]
	at org.apache.kafka.clients.consumer.internals.CompletedFetch.fetchRecords(CompletedFetch.java:284) ~[kafka-clients-3.9.1.jar!/:na]
	at org.apache.kafka.clients.consumer.internals.FetchCollector.fetchRecords(FetchCollector.java:169) ~[kafka-clients-3.9.1.jar!/:na]
	at org.apache.kafka.clients.consumer.internals.FetchCollector.collectFetch(FetchCollector.java:135) ~[kafka-clients-3.9.1.jar!/:na]
	at org.apache.kafka.clients.consumer.internals.Fetcher.collectFetch(Fetcher.java:146) ~[kafka-clients-3.9.1.jar!/:na]
	at org.apache.kafka.clients.consumer.internals.ClassicKafkaConsumer.pollForFetches(ClassicKafkaConsumer.java:672) ~[kafka-clients-3.9.1.jar!/:na]
	at org.apache.kafka.clients.consumer.internals.ClassicKafkaConsumer.poll(ClassicKafkaConsumer.java:623) ~[kafka-clients-3.9.1.jar!/:na]
	at org.apache.kafka.clients.consumer.internals.ClassicKafkaConsumer.poll(ClassicKafkaConsumer.java:596) ~[kafka-clients-3.9.1.jar!/:na]
	at org.apache.kafka.clients.consumer.KafkaConsumer.poll(KafkaConsumer.java:874) ~[kafka-clients-3.9.1.jar!/:na]
	at org.springframework.kafka.listener.KafkaMessageListenerContainer$ListenerConsumer.pollConsumer(KafkaMessageListenerContainer.java:1704) ~[spring-kafka-3.3.13.jar!/:3.3.13]
	at org.springframework.kafka.listener.KafkaMessageListenerContainer$ListenerConsumer.doPoll(KafkaMessageListenerContainer.java:1679) ~[spring-kafka-3.3.13.jar!/:3.3.13]
	at org.springframework.kafka.listener.KafkaMessageListenerContainer$ListenerConsumer.pollAndInvoke(KafkaMessageListenerContainer.java:1457) ~[spring-kafka-3.3.13.jar!/:3.3.13]
	at org.springframework.kafka.listener.KafkaMessageListenerContainer$ListenerConsumer.run(KafkaMessageListenerContainer.java:1347) ~[spring-kafka-3.3.13.jar!/:3.3.13]
	... 2 common frames omitted
Caused by: org.apache.kafka.common.errors.SerializationException: Error deserializing Avro message for id 1
	at io.confluent.kafka.serializers.AbstractKafkaAvroDeserializer$DeserializationContext.read(AbstractKafkaAvroDeserializer.java:542) ~[kafka-avro-serializer-7.6.0.jar!/:na]
	at io.confluent.kafka.serializers.AbstractKafkaAvroDeserializer.deserialize(AbstractKafkaAvroDeserializer.java:188) ~[kafka-avro-serializer-7.6.0.jar!/:na]
	at io.confluent.kafka.serializers.KafkaAvroDeserializer.deserialize(KafkaAvroDeserializer.java:108) ~[kafka-avro-serializer-7.6.0.jar!/:na]
	at org.apache.kafka.common.serialization.Deserializer.deserialize(Deserializer.java:81) ~[kafka-clients-3.9.1.jar!/:na]
	at org.apache.kafka.clients.consumer.internals.CompletedFetch.parseRecord(CompletedFetch.java:327) ~[kafka-clients-3.9.1.jar!/:na]
	... 14 common frames omitted
Caused by: com.google.common.util.concurrent.UncheckedExecutionException: org.apache.kafka.common.errors.SerializationException: Could not find class com.olomsky.orders.event.OrderEvent specified in writer's schema whilst finding reader's schema for a SpecificRecord.
	at com.google.common.cache.LocalCache$Segment.get(LocalCache.java:2085) ~[guava-32.0.1-jre.jar!/:na]
	at com.google.common.cache.LocalCache.get(LocalCache.java:4011) ~[guava-32.0.1-jre.jar!/:na]
	at com.google.common.cache.LocalCache.getOrLoad(LocalCache.java:4034) ~[guava-32.0.1-jre.jar!/:na]
	at com.google.common.cache.LocalCache$LocalLoadingCache.get(LocalCache.java:5010) ~[guava-32.0.1-jre.jar!/:na]
	at io.confluent.kafka.serializers.AbstractKafkaAvroDeserializer.getDatumReader(AbstractKafkaAvroDeserializer.java:281) ~[kafka-avro-serializer-7.6.0.jar!/:na]
	at io.confluent.kafka.serializers.AbstractKafkaAvroDeserializer$DeserializationContext.read(AbstractKafkaAvroDeserializer.java:500) ~[kafka-avro-serializer-7.6.0.jar!/:na]
	... 18 common frames omitted
Caused by: org.apache.kafka.common.errors.SerializationException: Could not find class com.olomsky.orders.event.OrderEvent specified in writer's schema whilst finding reader's schema for a SpecificRecord.
	at io.confluent.kafka.serializers.AbstractKafkaAvroDeserializer.getSpecificReaderSchema(AbstractKafkaAvroDeserializer.java:343) ~[kafka-avro-serializer-7.6.0.jar!/:na]
	at io.confluent.kafka.serializers.AbstractKafkaAvroDeserializer.getReaderSchema(AbstractKafkaAvroDeserializer.java:314) ~[kafka-avro-serializer-7.6.0.jar!/:na]
	at io.confluent.kafka.serializers.AbstractKafkaAvroDeserializer.access$000(AbstractKafkaAvroDeserializer.java:61) ~[kafka-avro-serializer-7.6.0.jar!/:na]
	at io.confluent.kafka.serializers.AbstractKafkaAvroDeserializer$1.load(AbstractKafkaAvroDeserializer.java:77) ~[kafka-avro-serializer-7.6.0.jar!/:na]
	at io.confluent.kafka.serializers.AbstractKafkaAvroDeserializer$1.load(AbstractKafkaAvroDeserializer.java:72) ~[kafka-avro-serializer-7.6.0.jar!/:na]
	at com.google.common.cache.LocalCache$LoadingValueReference.loadFuture(LocalCache.java:3570) ~[guava-32.0.1-jre.jar!/:na]
	at com.google.common.cache.LocalCache$Segment.loadSync(LocalCache.java:2312) ~[guava-32.0.1-jre.jar!/:na]
	at com.google.common.cache.LocalCache$Segment.lockedGetOrLoad(LocalCache.java:2189) ~[guava-32.0.1-jre.jar!/:na]
	at com.google.common.cache.LocalCache$Segment.get(LocalCache.java:2079) ~[guava-32.0.1-jre.jar!/:na]
	... 23 common frames omitted

2026-03-01T15:09:03.460Z ERROR 1 --- [notifications] [ntainer#0-0-C-1] o.a.k.c.c.internals.CompletedFetch       : [Consumer clientId=consumer-notification-group-1, groupId=notification-group] Value Deserializers with error: Deserializers{keyDeserializer=org.apache.kafka.common.serialization.StringDeserializer@5477072a, valueDeserializer=io.confluent.kafka.serializers.KafkaAvroDeserializer@3f1e9cdf}
2026-03-01T15:09:03.460Z ERROR 1 --- [notifications] [ntainer#0-0-C-1] o.s.k.l.KafkaMessageListenerContainer    : Consumer exception

java.lang.IllegalStateException: This error handler cannot process 'SerializationException's directly; please consider configuring an 'ErrorHandlingDeserializer' in the value and/or key deserializer
	at org.springframework.kafka.listener.DefaultErrorHandler.handleOtherException(DefaultErrorHandler.java:192) ~[spring-kafka-3.3.13.jar!/:3.3.13]
	at org.springframework.kafka.listener.KafkaMessageListenerContainer$ListenerConsumer.handleConsumerException(KafkaMessageListenerContainer.java:2004) ~[spring-kafka-3.3.13.jar!/:3.3.13]
	at org.springframework.kafka.listener.KafkaMessageListenerContainer$ListenerConsumer.run(KafkaMessageListenerContainer.java:1399) ~[spring-kafka-3.3.13.jar!/:3.3.13]
	at java.base/java.util.concurrent.CompletableFuture$AsyncRun.run(CompletableFuture.java:1804) ~[na:na]
	at java.base/java.lang.Thread.run(Thread.java:1583) ~[na:na]
Caused by: org.apache.kafka.common.errors.RecordDeserializationException: Error deserializing VALUE for partition order-topic-0 at offset 0. If needed, please seek past the record to continue consumption.
	at org.apache.kafka.clients.consumer.internals.CompletedFetch.newRecordDeserializationException(CompletedFetch.java:346) ~[kafka-clients-3.9.1.jar!/:na]
	at org.apache.kafka.clients.consumer.internals.CompletedFetch.parseRecord(CompletedFetch.java:330) ~[kafka-clients-3.9.1.jar!/:na]
	at org.apache.kafka.clients.consumer.internals.CompletedFetch.fetchRecords(CompletedFetch.java:284) ~[kafka-clients-3.9.1.jar!/:na]
	at org.apache.kafka.clients.consumer.internals.FetchCollector.fetchRecords(FetchCollector.java:169) ~[kafka-clients-3.9.1.jar!/:na]
	at org.apache.kafka.clients.consumer.internals.FetchCollector.collectFetch(FetchCollector.java:135) ~[kafka-clients-3.9.1.jar!/:na]
	at org.apache.kafka.clients.consumer.internals.Fetcher.collectFetch(Fetcher.java:146) ~[kafka-clients-3.9.1.jar!/:na]
	at org.apache.kafka.clients.consumer.internals.ClassicKafkaConsumer.pollForFetches(ClassicKafkaConsumer.java:672) ~[kafka-clients-3.9.1.jar!/:na]
	at org.apache.kafka.clients.consumer.internals.ClassicKafkaConsumer.poll(ClassicKafkaConsumer.java:623) ~[kafka-clients-3.9.1.jar!/:na]
	at org.apache.kafka.clients.consumer.internals.ClassicKafkaConsumer.poll(ClassicKafkaConsumer.java:596) ~[kafka-clients-3.9.1.jar!/:na]
	at org.apache.kafka.clients.consumer.KafkaConsumer.poll(KafkaConsumer.java:874) ~[kafka-clients-3.9.1.jar!/:na]
	at org.springframework.kafka.listener.KafkaMessageListenerContainer$ListenerConsumer.pollConsumer(KafkaMessageListenerContainer.java:1704) ~[spring-kafka-3.3.13.jar!/:3.3.13]
	at org.springframework.kafka.listener.KafkaMessageListenerContainer$ListenerConsumer.doPoll(KafkaMessageListenerContainer.java:1679) ~[spring-kafka-3.3.13.jar!/:3.3.13]
	at org.springframework.kafka.listener.KafkaMessageListenerContainer$ListenerConsumer.pollAndInvoke(KafkaMessageListenerContainer.java:1457) ~[spring-kafka-3.3.13.jar!/:3.3.13]
	at org.springframework.kafka.listener.KafkaMessageListenerContainer$ListenerConsumer.run(KafkaMessageListenerContainer.java:1347) ~[spring-kafka-3.3.13.jar!/:3.3.13]
	... 2 common frames omitted
Caused by: org.apache.kafka.common.errors.SerializationException: Error deserializing Avro message for id 1
	at io.confluent.kafka.serializers.AbstractKafkaAvroDeserializer$DeserializationContext.read(AbstractKafkaAvroDeserializer.java:542) ~[kafka-avro-serializer-7.6.0.jar!/:na]
	at io.confluent.kafka.serializers.AbstractKafkaAvroDeserializer.deserialize(AbstractKafkaAvroDeserializer.java:188) ~[kafka-avro-serializer-7.6.0.jar!/:na]
	at io.confluent.kafka.serializers.KafkaAvroDeserializer.deserialize(KafkaAvroDeserializer.java:108) ~[kafka-avro-serializer-7.6.0.jar!/:na]
	at org.apache.kafka.common.serialization.Deserializer.deserialize(Deserializer.java:81) ~[kafka-clients-3.9.1.jar!/:na]
	at org.apache.kafka.clients.consumer.internals.CompletedFetch.parseRecord(CompletedFetch.java:327) ~[kafka-clients-3.9.1.jar!/:na]
	... 14 common frames omitted
Caused by: com.google.common.util.concurrent.UncheckedExecutionException: org.apache.kafka.common.errors.SerializationException: Could not find class com.olomsky.orders.event.OrderEvent specified in writer's schema whilst finding reader's schema for a SpecificRecord.
	at com.google.common.cache.LocalCache$Segment.get(LocalCache.java:2085) ~[guava-32.0.1-jre.jar!/:na]
	at com.google.common.cache.LocalCache.get(LocalCache.java:4011) ~[guava-32.0.1-jre.jar!/:na]
	at com.google.common.cache.LocalCache.getOrLoad(LocalCache.java:4034) ~[guava-32.0.1-jre.jar!/:na]
	at com.google.common.cache.LocalCache$LocalLoadingCache.get(LocalCache.java:5010) ~[guava-32.0.1-jre.jar!/:na]
	at io.confluent.kafka.serializers.AbstractKafkaAvroDeserializer.getDatumReader(AbstractKafkaAvroDeserializer.java:281) ~[kafka-avro-serializer-7.6.0.jar!/:na]
	at io.confluent.kafka.serializers.AbstractKafkaAvroDeserializer$DeserializationContext.read(AbstractKafkaAvroDeserializer.java:500) ~[kafka-avro-serializer-7.6.0.jar!/:na]
	... 18 common frames omitted
Caused by: org.apache.kafka.common.errors.SerializationException: Could not find class com.olomsky.orders.event.OrderEvent specified in writer's schema whilst finding reader's schema for a SpecificRecord.
	at io.confluent.kafka.serializers.AbstractKafkaAvroDeserializer.getSpecificReaderSchema(AbstractKafkaAvroDeserializer.java:343) ~[kafka-avro-serializer-7.6.0.jar!/:na]
	at io.confluent.kafka.serializers.AbstractKafkaAvroDeserializer.getReaderSchema(AbstractKafkaAvroDeserializer.java:314) ~[kafka-avro-serializer-7.6.0.jar!/:na]
	at io.confluent.kafka.serializers.AbstractKafkaAvroDeserializer.access$000(AbstractKafkaAvroDeserializer.java:61) ~[kafka-avro-serializer-7.6.0.jar!/:na]
	at io.confluent.kafka.serializers.AbstractKafkaAvroDeserializer$1.load(AbstractKafkaAvroDeserializer.java:77) ~[kafka-avro-serializer-7.6.0.jar!/:na]
	at io.confluent.kafka.serializers.AbstractKafkaAvroDeserializer$1.load(AbstractKafkaAvroDeserializer.java:72) ~[kafka-avro-serializer-7.6.0.jar!/:na]
	at com.google.common.cache.LocalCache$LoadingValueReference.loadFuture(LocalCache.java:3570) ~[guava-32.0.1-jre.jar!/:na]
	at com.google.common.cache.LocalCache$Segment.loadSync(LocalCache.java:2312) ~[guava-32.0.1-jre.jar!/:na]
	at com.google.common.cache.LocalCache$Segment.lockedGetOrLoad(LocalCache.java:2189) ~[guava-32.0.1-jre.jar!/:na]
	at com.google.common.cache.LocalCache$Segment.get(LocalCache.java:2079) ~[guava-32.0.1-jre.jar!/:na]
	... 23 common frames omitted

2026-03-01T15:09:03.461Z ERROR 1 --- [notifications] [ntainer#0-0-C-1] o.a.k.c.c.internals.CompletedFetch       : [Consumer clientId=consumer-notification-group-1, groupId=notification-group] Value Deserializers with error: Deserializers{keyDeserializer=org.apache.kafka.common.serialization.StringDeserializer@5477072a, valueDeserializer=io.confluent.kafka.serializers.KafkaAvroDeserializer@3f1e9cdf}
2026-03-01T15:09:03.461Z ERROR 1 --- [notifications] [ntainer#0-0-C-1] o.s.k.l.KafkaMessageListenerContainer    : Consumer exception

java.lang.IllegalStateException: This error handler cannot process 'SerializationException's directly; please consider configuring an 'ErrorHandlingDeserializer' in the value and/or key deserializer
	at org.springframework.kafka.listener.DefaultErrorHandler.handleOtherException(DefaultErrorHandler.java:192) ~[spring-kafka-3.3.13.jar!/:3.3.13]
	at org.springframework.kafka.listener.KafkaMessageListenerContainer$ListenerConsumer.handleConsumerException(KafkaMessageListenerContainer.java:2004) ~[spring-kafka-3.3.13.jar!/:3.3.13]
	at org.springframework.kafka.listener.KafkaMessageListenerContainer$ListenerConsumer.run(KafkaMessageListenerContainer.java:1399) ~[spring-kafka-3.3.13.jar!/:3.3.13]
	at java.base/java.util.concurrent.CompletableFuture$AsyncRun.run(CompletableFuture.java:1804) ~[na:na]
	at java.base/java.lang.Thread.run(Thread.java:1583) ~[na:na]
Caused by: org.apache.kafka.common.errors.RecordDeserializationException: Error deserializing VALUE for partition order-topic-0 at offset 0. If needed, please seek past the record to continue consumption.
	at org.apache.kafka.clients.consumer.internals.CompletedFetch.newRecordDeserializationException(CompletedFetch.java:346) ~[kafka-clients-3.9.1.jar!/:na]
	at org.apache.kafka.clients.consumer.internals.CompletedFetch.parseRecord(CompletedFetch.java:330) ~[kafka-clients-3.9.1.jar!/:na]
	at org.apache.kafka.clients.consumer.internals.CompletedFetch.fetchRecords(CompletedFetch.java:284) ~[kafka-clients-3.9.1.jar!/:na]
	at org.apache.kafka.clients.consumer.internals.FetchCollector.fetchRecords(FetchCollector.java:169) ~[kafka-clients-3.9.1.jar!/:na]
	at org.apache.kafka.clients.consumer.internals.FetchCollector.collectFetch(FetchCollector.java:135) ~[kafka-clients-3.9.1.jar!/:na]
	at org.apache.kafka.clients.consumer.internals.Fetcher.collectFetch(Fetcher.java:146) ~[kafka-clients-3.9.1.jar!/:na]
	at org.apache.kafka.clients.consumer.internals.ClassicKafkaConsumer.pollForFetches(ClassicKafkaConsumer.java:672) ~[kafka-clients-3.9.1.jar!/:na]
	at org.apache.kafka.clients.consumer.internals.ClassicKafkaConsumer.poll(ClassicKafkaConsumer.java:623) ~[kafka-clients-3.9.1.jar!/:na]
	at org.apache.kafka.clients.consumer.internals.ClassicKafkaConsumer.poll(ClassicKafkaConsumer.java:596) ~[kafka-clients-3.9.1.jar!/:na]
	at org.apache.kafka.clients.consumer.KafkaConsumer.poll(KafkaConsumer.java:874) ~[kafka-clients-3.9.1.jar!/:na]
	at org.springframework.kafka.listener.KafkaMessageListenerContainer$ListenerConsumer.pollConsumer(KafkaMessageListenerContainer.java:1704) ~[spring-kafka-3.3.13.jar!/:3.3.13]
	at org.springframework.kafka.listener.KafkaMessageListenerContainer$ListenerConsumer.doPoll(KafkaMessageListenerContainer.java:1679) ~[spring-kafka-3.3.13.jar!/:3.3.13]
	at org.springframework.kafka.listener.KafkaMessageListenerContainer$ListenerConsumer.pollAndInvoke(KafkaMessageListenerContainer.java:1457) ~[spring-kafka-3.3.13.jar!/:3.3.13]
	at org.springframework.kafka.listener.KafkaMessageListenerContainer$ListenerConsumer.run(KafkaMessageListenerContainer.java:1347) ~[spring-kafka-3.3.13.jar!/:3.3.13]
	... 2 common frames omitted
Caused by: org.apache.kafka.common.errors.SerializationException: Error deserializing Avro message for id 1
	at io.confluent.kafka.serializers.AbstractKafkaAvroDeserializer$DeserializationContext.read(AbstractKafkaAvroDeserializer.java:542) ~[kafka-avro-serializer-7.6.0.jar!/:na]
	at io.confluent.kafka.serializers.AbstractKafkaAvroDeserializer.deserialize(AbstractKafkaAvroDeserializer.java:188) ~[kafka-avro-serializer-7.6.0.jar!/:na]
	at io.confluent.kafka.serializers.KafkaAvroDeserializer.deserialize(KafkaAvroDeserializer.java:108) ~[kafka-avro-serializer-7.6.0.jar!/:na]
	at org.apache.kafka.common.serialization.Deserializer.deserialize(Deserializer.java:81) ~[kafka-clients-3.9.1.jar!/:na]
	at org.apache.kafka.clients.consumer.internals.CompletedFetch.parseRecord(CompletedFetch.java:327) ~[kafka-clients-3.9.1.jar!/:na]
	... 14 common frames omitted
Caused by: com.google.common.util.concurrent.UncheckedExecutionException: org.apache.kafka.common.errors.SerializationException: Could not find class com.olomsky.orders.event.OrderEvent specified in writer's schema whilst finding reader's schema for a SpecificRecord.
	at com.google.common.cache.LocalCache$Segment.get(LocalCache.java:2085) ~[guava-32.0.1-jre.jar!/:na]
	at com.google.common.cache.LocalCache.get(LocalCache.java:4011) ~[guava-32.0.1-jre.jar!/:na]
	at com.google.common.cache.LocalCache.getOrLoad(LocalCache.java:4034) ~[guava-32.0.1-jre.jar!/:na]
	at com.google.common.cache.LocalCache$LocalLoadingCache.get(LocalCache.java:5010) ~[guava-32.0.1-jre.jar!/:na]
	at io.confluent.kafka.serializers.AbstractKafkaAvroDeserializer.getDatumReader(AbstractKafkaAvroDeserializer.java:281) ~[kafka-avro-serializer-7.6.0.jar!/:na]
	at io.confluent.kafka.serializers.AbstractKafkaAvroDeserializer$DeserializationContext.read(AbstractKafkaAvroDeserializer.java:500) ~[kafka-avro-serializer-7.6.0.jar!/:na]
	... 18 common frames omitted
Caused by: org.apache.kafka.common.errors.SerializationException: Could not find class com.olomsky.orders.event.OrderEvent specified in writer's schema whilst finding reader's schema for a SpecificRecord.
	at io.confluent.kafka.serializers.AbstractKafkaAvroDeserializer.getSpecificReaderSchema(AbstractKafkaAvroDeserializer.java:343) ~[kafka-avro-serializer-7.6.0.jar!/:na]
	at io.confluent.kafka.serializers.AbstractKafkaAvroDeserializer.getReaderSchema(AbstractKafkaAvroDeserializer.java:314) ~[kafka-avro-serializer-7.6.0.jar!/:na]
	at io.confluent.kafka.serializers.AbstractKafkaAvroDeserializer.access$000(AbstractKafkaAvroDeserializer.java:61) ~[kafka-avro-serializer-7.6.0.jar!/:na]
	at io.confluent.kafka.serializers.AbstractKafkaAvroDeserializer$1.load(AbstractKafkaAvroDeserializer.java:77) ~[kafka-avro-serializer-7.6.0.jar!/:na]
	at io.confluent.kafka.serializers.AbstractKafkaAvroDeserializer$1.load(AbstractKafkaAvroDeserializer.java:72) ~[kafka-avro-serializer-7.6.0.jar!/:na]
	at com.google.common.cache.LocalCache$LoadingValueReference.loadFuture(LocalCache.java:3570) ~[guava-32.0.1-jre.jar!/:na]
	at com.google.common.cache.LocalCache$Segment.loadSync(LocalCache.java:2312) ~[guava-32.0.1-jre.jar!/:na]
	at com.google.common.cache.LocalCache$Segment.lockedGetOrLoad(LocalCache.java:2189) ~[guava-32.0.1-jre.jar!/:na]
	at com.google.common.cache.LocalCache$Segment.get(LocalCache.java:2079) ~[guava-32.0.1-jre.jar!/:na]
	... 23 common frames omitted

2026-03-01T15:09:03.466Z ERROR 1 --- [notifications] [ntainer#0-0-C-1] o.a.k.c.c.internals.CompletedFetch       : [Consumer clientId=consumer-notification-group-1, groupId=notification-group] Value Deserializers with error: Deserializers{keyDeserializer=org.apache.kafka.common.serialization.StringDeserializer@5477072a, valueDeserializer=io.confluent.kafka.serializers.KafkaAvroDeserializer@3f1e9cdf}
2026-03-01T15:09:03.466Z ERROR 1 --- [notifications] [ntainer#0-0-C-1] o.s.k.l.KafkaMessageListenerContainer    : Consumer exception

java.lang.IllegalStateException: This error handler cannot process 'SerializationException's directly; please consider configuring an 'ErrorHandlingDeserializer' in the value and/or key deserializer
	at org.springframework.kafka.listener.DefaultErrorHandler.handleOtherException(DefaultErrorHandler.java:192) ~[spring-kafka-3.3.13.jar!/:3.3.13]
	at org.springframework.kafka.listener.KafkaMessageListenerContainer$ListenerConsumer.handleConsumerException(KafkaMessageListenerContainer.java:2004) ~[spring-kafka-3.3.13.jar!/:3.3.13]
	at org.springframework.kafka.listener.KafkaMessageListenerContainer$ListenerConsumer.run(KafkaMessageListenerContainer.java:1399) ~[spring-kafka-3.3.13.jar!/:3.3.13]
	at java.base/java.util.concurrent.CompletableFuture$AsyncRun.run(CompletableFuture.java:1804) ~[na:na]
	at java.base/java.lang.Thread.run(Thread.java:1583) ~[na:na]
Caused by: org.apache.kafka.common.errors.RecordDeserializationException: Error deserializing VALUE for partition order-topic-0 at offset 0. If needed, please seek past the record to continue consumption.
	at org.apache.kafka.clients.consumer.internals.CompletedFetch.newRecordDeserializationException(CompletedFetch.java:346) ~[kafka-clients-3.9.1.jar!/:na]
	at org.apache.kafka.clients.consumer.internals.CompletedFetch.parseRecord(CompletedFetch.java:330) ~[kafka-clients-3.9.1.jar!/:na]
	at org.apache.kafka.clients.consumer.internals.CompletedFetch.fetchRecords(CompletedFetch.java:284) ~[kafka-clients-3.9.1.jar!/:na]
	at org.apache.kafka.clients.consumer.internals.FetchCollector.fetchRecords(FetchCollector.java:169) ~[kafka-clients-3.9.1.jar!/:na]
	at org.apache.kafka.clients.consumer.internals.FetchCollector.collectFetch(FetchCollector.java:135) ~[kafka-clients-3.9.1.jar!/:na]
	at org.apache.kafka.clients.consumer.internals.Fetcher.collectFetch(Fetcher.java:146) ~[kafka-clients-3.9.1.jar!/:na]
	at org.apache.kafka.clients.consumer.internals.ClassicKafkaConsumer.pollForFetches(ClassicKafkaConsumer.java:672) ~[kafka-clients-3.9.1.jar!/:na]
	at org.apache.kafka.clients.consumer.internals.ClassicKafkaConsumer.poll(ClassicKafkaConsumer.java:623) ~[kafka-clients-3.9.1.jar!/:na]
	at org.apache.kafka.clients.consumer.internals.ClassicKafkaConsumer.poll(ClassicKafkaConsumer.java:596) ~[kafka-clients-3.9.1.jar!/:na]
	at org.apache.kafka.clients.consumer.KafkaConsumer.poll(KafkaConsumer.java:874) ~[kafka-clients-3.9.1.jar!/:na]
	at org.springframework.kafka.listener.KafkaMessageListenerContainer$ListenerConsumer.pollConsumer(KafkaMessageListenerContainer.java:1704) ~[spring-kafka-3.3.13.jar!/:3.3.13]
	at org.springframework.kafka.listener.KafkaMessageListenerContainer$ListenerConsumer.doPoll(KafkaMessageListenerContainer.java:1679) ~[spring-kafka-3.3.13.jar!/:3.3.13]
	at org.springframework.kafka.listener.KafkaMessageListenerContainer$ListenerConsumer.pollAndInvoke(KafkaMessageListenerContainer.java:1457) ~[spring-kafka-3.3.13.jar!/:3.3.13]
	at org.springframework.kafka.listener.KafkaMessageListenerContainer$ListenerConsumer.run(KafkaMessageListenerContainer.java:1347) ~[spring-kafka-3.3.13.jar!/:3.3.13]
	... 2 common frames omitted
Caused by: org.apache.kafka.common.errors.SerializationException: Error deserializing Avro message for id 1
	at io.confluent.kafka.serializers.AbstractKafkaAvroDeserializer$DeserializationContext.read(AbstractKafkaAvroDeserializer.java:542) ~[kafka-avro-serializer-7.6.0.jar!/:na]
	at io.confluent.kafka.serializers.AbstractKafkaAvroDeserializer.deserialize(AbstractKafkaAvroDeserializer.java:188) ~[kafka-avro-serializer-7.6.0.jar!/:na]
	at io.confluent.kafka.serializers.KafkaAvroDeserializer.deserialize(KafkaAvroDeserializer.java:108) ~[kafka-avro-serializer-7.6.0.jar!/:na]
	at org.apache.kafka.common.serialization.Deserializer.deserialize(Deserializer.java:81) ~[kafka-clients-3.9.1.jar!/:na]
	at org.apache.kafka.clients.consumer.internals.CompletedFetch.parseRecord(CompletedFetch.java:327) ~[kafka-clients-3.9.1.jar!/:na]
	... 14 common frames omitted
Caused by: com.google.common.util.concurrent.UncheckedExecutionException: org.apache.kafka.common.errors.SerializationException: Could not find class com.olomsky.orders.event.OrderEvent specified in writer's schema whilst finding reader's schema for a SpecificRecord.
	at com.google.common.cache.LocalCache$Segment.get(LocalCache.java:2085) ~[guava-32.0.1-jre.jar!/:na]
	at com.google.common.cache.LocalCache.get(LocalCache.java:4011) ~[guava-32.0.1-jre.jar!/:na]
	at com.google.common.cache.LocalCache.getOrLoad(LocalCache.java:4034) ~[guava-32.0.1-jre.jar!/:na]
	at com.google.common.cache.LocalCache$LocalLoadingCache.get(LocalCache.java:5010) ~[guava-32.0.1-jre.jar!/:na]
	at io.confluent.kafka.serializers.AbstractKafkaAvroDeserializer.getDatumReader(AbstractKafkaAvroDeserializer.java:281) ~[kafka-avro-serializer-7.6.0.jar!/:na]
	at io.confluent.kafka.serializers.AbstractKafkaAvroDeserializer$DeserializationContext.read(AbstractKafkaAvroDeserializer.java:500) ~[kafka-avro-serializer-7.6.0.jar!/:na]
	... 18 common frames omitted
Caused by: org.apache.kafka.common.errors.SerializationException: Could not find class com.olomsky.orders.event.OrderEvent specified in writer's schema whilst finding reader's schema for a SpecificRecord.
	at io.confluent.kafka.serializers.AbstractKafkaAvroDeserializer.getSpecificReaderSchema(AbstractKafkaAvroDeserializer.java:343) ~[kafka-avro-serializer-7.6.0.jar!/:na]
	at io.confluent.kafka.serializers.AbstractKafkaAvroDeserializer.getReaderSchema(AbstractKafkaAvroDeserializer.java:314) ~[kafka-avro-serializer-7.6.0.jar!/:na]
	at io.confluent.kafka.serializers.AbstractKafkaAvroDeserializer.access$000(AbstractKafkaAvroDeserializer.java:61) ~[kafka-avro-serializer-7.6.0.jar!/:na]
	at io.confluent.kafka.serializers.AbstractKafkaAvroDeserializer$1.load(AbstractKafkaAvroDeserializer.java:77) ~[kafka-avro-serializer-7.6.0.jar!/:na]
	at io.confluent.kafka.serializers.AbstractKafkaAvroDeserializer$1.load(AbstractKafkaAvroDeserializer.java:72) ~[kafka-avro-serializer-7.6.0.jar!/:na]
	at com.google.common.cache.LocalCache$LoadingValueReference.loadFuture(LocalCache.java:3570) ~[guava-32.0.1-jre.jar!/:na]
	at com.google.common.cache.LocalCache$Segment.loadSync(LocalCache.java:2312) ~[guava-32.0.1-jre.jar!/:na]
	at com.google.common.cache.LocalCache$Segment.lockedGetOrLoad(LocalCache.java:2189) ~[guava-32.0.1-jre.jar!/:na]
	at com.google.common.cache.LocalCache$Segment.get(LocalCache.java:2079) ~[guava-32.0.1-jre.jar!/:na]
	... 23 common frames omitted

2026-03-01T15:09:03.467Z ERROR 1 --- [notifications] [ntainer#0-0-C-1] o.a.k.c.c.internals.CompletedFetch       : [Consumer clientId=consumer-notification-group-1, groupId=notification-group] Value Deserializers with error: Deserializers{keyDeserializer=org.apache.kafka.common.serialization.StringDeserializer@5477072a, valueDeserializer=io.confluent.kafka.serializers.KafkaAvroDeserializer@3f1e9cdf}
2026-03-01T15:09:03.467Z ERROR 1 --- [notifications] [ntainer#0-0-C-1] o.s.k.l.KafkaMessageListenerContainer    : Consumer exception

java.lang.IllegalStateException: This error handler cannot process 'SerializationException's directly; please consider configuring an 'ErrorHandlingDeserializer' in the value and/or key deserializer
	at org.springframework.kafka.listener.DefaultErrorHandler.handleOtherException(DefaultErrorHandler.java:192) ~[spring-kafka-3.3.13.jar!/:3.3.13]
	at org.springframework.kafka.listener.KafkaMessageListenerContainer$ListenerConsumer.handleConsumerException(KafkaMessageListenerContainer.java:2004) ~[spring-kafka-3.3.13.jar!/:3.3.13]
	at org.springframework.kafka.listener.KafkaMessageListenerContainer$ListenerConsumer.run(KafkaMessageListenerContainer.java:1399) ~[spring-kafka-3.3.13.jar!/:3.3.13]
	at java.base/java.util.concurrent.CompletableFuture$AsyncRun.run(CompletableFuture.java:1804) ~[na:na]
	at java.base/java.lang.Thread.run(Thread.java:1583) ~[na:na]
Caused by: org.apache.kafka.common.errors.RecordDeserializationException: Error deserializing VALUE for partition order-topic-0 at offset 0. If needed, please seek past the record to continue consumption.
	at org.apache.kafka.clients.consumer.internals.CompletedFetch.newRecordDeserializationException(CompletedFetch.java:346) ~[kafka-clients-3.9.1.jar!/:na]
	at org.apache.kafka.clients.consumer.internals.CompletedFetch.parseRecord(CompletedFetch.java:330) ~[kafka-clients-3.9.1.jar!/:na]
	at org.apache.kafka.clients.consumer.internals.CompletedFetch.fetchRecords(CompletedFetch.java:284) ~[kafka-clients-3.9.1.jar!/:na]
	at org.apache.kafka.clients.consumer.internals.FetchCollector.fetchRecords(FetchCollector.java:169) ~[kafka-clients-3.9.1.jar!/:na]
	at org.apache.kafka.clients.consumer.internals.FetchCollector.collectFetch(FetchCollector.java:135) ~[kafka-clients-3.9.1.jar!/:na]
	at org.apache.kafka.clients.consumer.internals.Fetcher.collectFetch(Fetcher.java:146) ~[kafka-clients-3.9.1.jar!/:na]
	at org.apache.kafka.clients.consumer.internals.ClassicKafkaConsumer.pollForFetches(ClassicKafkaConsumer.java:672) ~[kafka-clients-3.9.1.jar!/:na]
	at org.apache.kafka.clients.consumer.internals.ClassicKafkaConsumer.poll(ClassicKafkaConsumer.java:623) ~[kafka-clients-3.9.1.jar!/:na]
	at org.apache.kafka.clients.consumer.internals.ClassicKafkaConsumer.poll(ClassicKafkaConsumer.java:596) ~[kafka-clients-3.9.1.jar!/:na]
	at org.apache.kafka.clients.consumer.KafkaConsumer.poll(KafkaConsumer.java:874) ~[kafka-clients-3.9.1.jar!/:na]
	at org.springframework.kafka.listener.KafkaMessageListenerContainer$ListenerConsumer.pollConsumer(KafkaMessageListenerContainer.java:1704) ~[spring-kafka-3.3.13.jar!/:3.3.13]
	at org.springframework.kafka.listener.KafkaMessageListenerContainer$ListenerConsumer.doPoll(KafkaMessageListenerContainer.java:1679) ~[spring-kafka-3.3.13.jar!/:3.3.13]
	at org.springframework.kafka.listener.KafkaMessageListenerContainer$ListenerConsumer.pollAndInvoke(KafkaMessageListenerContainer.java:1457) ~[spring-kafka-3.3.13.jar!/:3.3.13]
	at org.springframework.kafka.listener.KafkaMessageListenerContainer$ListenerConsumer.run(KafkaMessageListenerContainer.java:1347) ~[spring-kafka-3.3.13.jar!/:3.3.13]
	... 2 common frames omitted
Caused by: org.apache.kafka.common.errors.SerializationException: Error deserializing Avro message for id 1
	at io.confluent.kafka.serializers.AbstractKafkaAvroDeserializer$DeserializationContext.read(AbstractKafkaAvroDeserializer.java:542) ~[kafka-avro-serializer-7.6.0.jar!/:na]
	at io.confluent.kafka.serializers.AbstractKafkaAvroDeserializer.deserialize(AbstractKafkaAvroDeserializer.java:188) ~[kafka-avro-serializer-7.6.0.jar!/:na]
	at io.confluent.kafka.serializers.KafkaAvroDeserializer.deserialize(KafkaAvroDeserializer.java:108) ~[kafka-avro-serializer-7.6.0.jar!/:na]
	at org.apache.kafka.common.serialization.Deserializer.deserialize(Deserializer.java:81) ~[kafka-clients-3.9.1.jar!/:na]
	at org.apache.kafka.clients.consumer.internals.CompletedFetch.parseRecord(CompletedFetch.java:327) ~[kafka-clients-3.9.1.jar!/:na]
	... 14 common frames omitted
Caused by: com.google.common.util.concurrent.UncheckedExecutionException: org.apache.kafka.common.errors.SerializationException: Could not find class com.olomsky.orders.event.OrderEvent specified in writer's schema whilst finding reader's schema for a SpecificRecord.
	at com.google.common.cache.LocalCache$Segment.get(LocalCache.java:2085) ~[guava-32.0.1-jre.jar!/:na]
	at com.google.common.cache.LocalCache.get(LocalCache.java:4011) ~[guava-32.0.1-jre.jar!/:na]
	at com.google.common.cache.LocalCache.getOrLoad(LocalCache.java:4034) ~[guava-32.0.1-jre.jar!/:na]
	at com.google.common.cache.LocalCache$LocalLoadingCache.get(LocalCache.java:5010) ~[guava-32.0.1-jre.jar!/:na]
	at io.confluent.kafka.serializers.AbstractKafkaAvroDeserializer.getDatumReader(AbstractKafkaAvroDeserializer.java:281) ~[kafka-avro-serializer-7.6.0.jar!/:na]
	at io.confluent.kafka.serializers.AbstractKafkaAvroDeserializer$DeserializationContext.read(AbstractKafkaAvroDeserializer.java:500) ~[kafka-avro-serializer-7.6.0.jar!/:na]
	... 18 common frames omitted
Caused by: org.apache.kafka.common.errors.SerializationException: Could not find class com.olomsky.orders.event.OrderEvent specified in writer's schema whilst finding reader's schema for a SpecificRecord.
	at io.confluent.kafka.serializers.AbstractKafkaAvroDeserializer.getSpecificReaderSchema(AbstractKafkaAvroDeserializer.java:343) ~[kafka-avro-serializer-7.6.0.jar!/:na]
	at io.confluent.kafka.serializers.AbstractKafkaAvroDeserializer.getReaderSchema(AbstractKafkaAvroDeserializer.java:314) ~[kafka-avro-serializer-7.6.0.jar!/:na]
	at io.confluent.kafka.serializers.AbstractKafkaAvroDeserializer.access$000(AbstractKafkaAvroDeserializer.java:61) ~[kafka-avro-serializer-7.6.0.jar!/:na]
	at io.confluent.kafka.serializers.AbstractKafkaAvroDeserializer$1.load(AbstractKafkaAvroDeserializer.java:77) ~[kafka-avro-serializer-7.6.0.jar!/:na]
	at io.confluent.kafka.serializers.AbstractKafkaAvroDeserializer$1.load(AbstractKafkaAvroDeserializer.java:72) ~[kafka-avro-serializer-7.6.0.jar!/:na]
	at com.google.common.cache.LocalCache$LoadingValueReference.loadFuture(LocalCache.java:3570) ~[guava-32.0.1-jre.jar!/:na]
	at com.google.common.cache.LocalCache$Segment.loadSync(LocalCache.java:2312) ~[guava-32.0.1-jre.jar!/:na]
	at com.google.common.cache.LocalCache$Segment.lockedGetOrLoad(LocalCache.java:2189) ~[guava-32.0.1-jre.jar!/:na]
	at com.google.common.cache.LocalCache$Segment.get(LocalCache.java:2079) ~[guava-32.0.1-jre.jar!/:na]
	... 23 common frames omitted

2026-03-01T15:09:03.468Z ERROR 1 --- [notifications] [ntainer#0-0-C-1] o.a.k.c.c.internals.CompletedFetch       : [Consumer clientId=consumer-notification-group-1, groupId=notification-group] Value Deserializers with error: Deserializers{keyDeserializer=org.apache.kafka.common.serialization.StringDeserializer@5477072a, valueDeserializer=io.confluent.kafka.serializers.KafkaAvroDeserializer@3f1e9cdf}
